ConnectionString: Connection String
DatabaseManagementSystem: SqlServer
LastChangeToApply: 500
OutputFile: Output File
Recursive: True
RootDirectory: C:\GitHub\dbdeploynet2\trunk\Veracity.Utilities.DatabaseDeploy.Test\bin\Debug\Root Directory
ScriptListFile: C:\GitHub\dbdeploynet2\trunk\Veracity.Utilities.DatabaseDeploy.Test\bin\Debug\Root Directory\ScriptList.txt
SearchPattern: *.sql
FileNamePattern: (\d+)(\s+)?(.+)?
UndoOutputFile: Undo File
