nocomments[0] = line which has no comment
nocomments[1] = 
nocomments[2] = a line which has stuff 
